{"detail":"Internal server error: 3 validation errors for UserResponse\nhas_active_subscription\n  Error extracting attribute: MissingGreenlet: greenlet_spawn has not been called; can't call await_only() here. Was IO attempted in an unexpected place? (Background on this error at: https://sqlalche.me/e/20/xd2s) [type=get_attribute_error, input_value=<app.models.User object at 0x0000027D0556D310>, input_type=User]\n    For further information visit https://errors.pydantic.dev/2.5/v/get_attribute_error\nsubscription_status\n  Error extracting attribute: MissingGreenlet: greenlet_spawn has not been called; can't call await_only() here. Was IO attempted in an unexpected place? (Background on this error at: https://sqlalche.me/e/20/xd2s) [type=get_attribute_error, input_value=<app.models.User object at 0x0000027D0556D310>, input_type=User]\n    For further information visit https://errors.pydantic.dev/2.5/v/get_attribute_error\nsubscription_end_date\n  Error extracting attribute: MissingGreenlet: greenlet_spawn has not been called; can't call await_only() here. Was IO attempted in an unexpected place? (Background on this error at: https://sqlalche.me/e/20/xd2s) [type=get_attribute_error, input_value=<app.models.User object at 0x0000027D0556D310>, input_type=User]\n    For further information visit https://errors.pydantic.dev/2.5/v/get_attribute_error"}